---
source: src/elements/element_tuple.rs
expression: tuple
---
ElementTuple_1(
    Label(
        "Hello",
        FlexParams {
            flex: 1.0,
            alignment: None,
        },
        PhantomData,
        PhantomData,
    ),
    PhantomData,
    PhantomData,
)
