---
source: src/elements/button.rs
expression: button_data
---
ButtonData(
    "Hello",
    PhantomData,
)
