---
source: src/elements/flex.rs
expression: row
---
Row {
    child: EmptyElement(
        PhantomData,
        PhantomData,
    ),
    _comp_state: PhantomData,
    _comp_event: PhantomData,
}
