---
source: src/elements/element_list.rs
expression: list_data
---
ElementListData {
    children: [],
    _expl_state: PhantomData,
}
