---
source: src/elements/element_list.rs
expression: list
---
ElementList {
    children: [],
    _expl_state: PhantomData,
}
