---
source: src/elements/label.rs
expression: label_data
---
LabelData(
    "Hello",
    PhantomData,
    PhantomData,
)
