---
source: src/elements/label.rs
expression: label
---
Label(
    "Hello",
    PhantomData,
)
