---
source: src/elements/button.rs
expression: button
---
Button(
    "Hello",
    PhantomData,
)
