---
source: src/elements/button.rs
expression: button_data
---
ButtonData {
    text: "Hello",
    flex: FlexParams {
        flex: 1.0,
        alignment: None,
    },
}
