---
source: src/elements/label.rs
expression: label_data
---
LabelData(
    "Hello",
    FlexParams {
        flex: 1.0,
        alignment: None,
    },
    PhantomData,
    PhantomData,
)
