---
source: src/elements/component_caller.rs
expression: component_result
---
ComponentCallerData(
    FlexData {
        axis: Horizontal,
        child: ElementTupleData(
            WithEventTarget {
                element: ButtonData {
                    text: "Press me",
                    flex: FlexParams {
                        flex: 1.0,
                        alignment: None,
                    },
                },
                callback: &panoramix::elements::component_caller::tests::my_component::{{closure}},
            },
            LabelData {
                text: "Values: 999 16",
                flex: FlexParams {
                    flex: 1.0,
                    alignment: None,
                },
            },
            EmptyElementData(
                PhantomData,
                PhantomData,
            ),
            EmptyElementData(
                PhantomData,
                PhantomData,
            ),
            EmptyElementData(
                PhantomData,
                PhantomData,
            ),
            EmptyElementData(
                PhantomData,
                PhantomData,
            ),
            EmptyElementData(
                PhantomData,
                PhantomData,
            ),
            EmptyElementData(
                PhantomData,
                PhantomData,
            ),
            EmptyElementData(
                PhantomData,
                PhantomData,
            ),
            EmptyElementData(
                PhantomData,
                PhantomData,
            ),
            EmptyElementData(
                PhantomData,
                PhantomData,
            ),
            EmptyElementData(
                PhantomData,
                PhantomData,
            ),
            PhantomData,
            PhantomData,
        ),
        flex: FlexParams {
            flex: 1.0,
            alignment: None,
        },
        flex_container: FlexContainerParams {
            cross_alignment: Center,
            main_alignment: Start,
            fill_major_axis: false,
        },
        _comp_state: PhantomData,
        _comp_event: PhantomData,
    },
    PhantomData,
    PhantomData,
    PhantomData,
    PhantomData,
)
